ERC report (2026-08-14T23:24:12, Encoding UTF8)
Report includes: Errors, Warnings

***** Sheet /
[isolated_pin_label]: Label connected to only one pin
    ; warning
    @(10.16 mm, 579.12 mm): Global Label 'A_MISC1_TPC'
[isolated_pin_label]: Label connected to only one pin
    ; warning
    @(10.16 mm, 586.74 mm): Global Label 'A_JOY_X_TPC'
[isolated_pin_label]: Label connected to only one pin
    ; warning
    @(10.16 mm, 591.82 mm): Global Label 'A_EYE_RY_TPC'
[isolated_pin_label]: Label connected to only one pin
    ; warning
    @(10.16 mm, 599.44 mm): Global Label 'A_EYE_LY_TPC'
[isolated_pin_label]: Label connected to only one pin
    ; warning
    @(10.16 mm, 601.98 mm): Global Label 'A_MISC3_TPC'
[isolated_pin_label]: Label connected to only one pin
    ; warning
    @(30.48 mm, 574.04 mm): Global Label 'A_MISC2_TPC'
[isolated_pin_label]: Label connected to only one pin
    ; warning
    @(30.48 mm, 581.66 mm): Global Label 'A_JOY_Y_TPC'
[isolated_pin_label]: Label connected to only one pin
    ; warning
    @(30.48 mm, 594.36 mm): Global Label 'A_EYE_RX_TPC'
[isolated_pin_label]: Label connected to only one pin
    ; warning
    @(30.48 mm, 601.98 mm): Global Label 'A_EYE_LX_TPC'
[isolated_pin_label]: Label connected to only one pin
    ; warning
    @(322.58 mm, 48.26 mm): Global Label 'EVT_D0_BUF'
[isolated_pin_label]: Label connected to only one pin
    ; warning
    @(322.58 mm, 50.80 mm): Global Label 'EVT_D1_BUF'
[isolated_pin_label]: Label connected to only one pin
    ; warning
    @(322.58 mm, 53.34 mm): Global Label 'EVT_D2_BUF'
[isolated_pin_label]: Label connected to only one pin
    ; warning
    @(322.58 mm, 55.88 mm): Global Label 'EVT_D3_BUF'
[isolated_pin_label]: Label connected to only one pin
    ; warning
    @(322.58 mm, 58.42 mm): Global Label 'EVT_D4_BUF'
[isolated_pin_label]: Label connected to only one pin
    ; warning
    @(322.58 mm, 60.96 mm): Global Label 'EVT_D5_BUF'
[isolated_pin_label]: Label connected to only one pin
    ; warning
    @(322.58 mm, 63.50 mm): Global Label 'EVT_D6_BUF'
[isolated_pin_label]: Label connected to only one pin
    ; warning
    @(322.58 mm, 66.04 mm): Global Label 'EVT_D7_BUF'
[isolated_pin_label]: Label connected to only one pin
    ; warning
    @(322.58 mm, 124.46 mm): Global Label 'EVT_D8_BUF'
[isolated_pin_label]: Label connected to only one pin
    ; warning
    @(322.58 mm, 127.00 mm): Global Label 'EVT_D9_BUF'
[isolated_pin_label]: Label connected to only one pin
    ; warning
    @(322.58 mm, 129.54 mm): Global Label 'EVT_D10_BUF'
[isolated_pin_label]: Label connected to only one pin
    ; warning
    @(322.58 mm, 132.08 mm): Global Label 'EVT_D11_BUF'
[isolated_pin_label]: Label connected to only one pin
    ; warning
    @(322.58 mm, 134.62 mm): Global Label 'EVT_D12_BUF'
[isolated_pin_label]: Label connected to only one pin
    ; warning
    @(322.58 mm, 137.16 mm): Global Label 'EVT_D13_BUF'
[isolated_pin_label]: Label connected to only one pin
    ; warning
    @(322.58 mm, 139.70 mm): Global Label 'EVT_D14_BUF'
[isolated_pin_label]: Label connected to only one pin
    ; warning
    @(322.58 mm, 142.24 mm): Global Label 'EVT_D15_BUF'
[isolated_pin_label]: Label connected to only one pin
    ; warning
    @(322.58 mm, 200.66 mm): Global Label 'EVT_STROBE_BUF'
[isolated_pin_label]: Label connected to only one pin
    ; warning
    @(322.58 mm, 203.20 mm): Global Label 'RWD_CMD_BUF'
[isolated_pin_label]: Label connected to only one pin
    ; warning
    @(322.58 mm, 205.74 mm): Global Label 'STIM_TRIG_BUF'
[isolated_pin_label]: Label connected to only one pin
    ; warning
    @(10.16 mm, 317.50 mm): Global Label 'USB_VBUS_PI'
[isolated_pin_label]: Label connected to only one pin
    ; warning
    @(10.16 mm, 320.04 mm): Global Label 'USB_DM_PI'
[isolated_pin_label]: Label connected to only one pin
    ; warning
    @(10.16 mm, 322.58 mm): Global Label 'USB_DP_PI'

***** Sheet /power/

***** Sheet /taskpc-digital/

***** Sheet /pi-interface/

***** Sheet /analog-frontend/

***** Sheet /analog-ni/

***** Sheet /mux-intan/

***** Sheet /comparators/

***** Sheet /opto-ni/

***** Sheet /opto-intan/

***** Sheet /control-usb-i2c/

 ** ERC messages: 31  Errors 0  Warnings 31

 ** Ignored checks:
    - Global label only appears once in the schematic
    - Four connection points are joined together
    - SPICE model issue
    - Assigned footprint doesn't match footprint filters
