ERC report (2026-08-15T03:30:26, Encoding UTF8)
Report includes: Errors, Warnings

***** Sheet /
[isolated_pin_label]: Label connected to only one pin
    ; warning
    @(78.74 mm, 16.51 mm): Global Label 'MUX1_A0'
[isolated_pin_label]: Label connected to only one pin
    ; warning
    @(78.74 mm, 19.05 mm): Global Label 'MUX1_A1'
[isolated_pin_label]: Label connected to only one pin
    ; warning
    @(78.74 mm, 21.59 mm): Global Label 'MUX1_A2'
[isolated_pin_label]: Label connected to only one pin
    ; warning
    @(78.74 mm, 24.13 mm): Global Label 'MUX1_A3'
[isolated_pin_label]: Label connected to only one pin
    ; warning
    @(78.74 mm, 80.01 mm): Global Label 'MUX2_A0'
[isolated_pin_label]: Label connected to only one pin
    ; warning
    @(78.74 mm, 82.55 mm): Global Label 'MUX2_A1'
[isolated_pin_label]: Label connected to only one pin
    ; warning
    @(78.74 mm, 85.09 mm): Global Label 'MUX2_A2'
[isolated_pin_label]: Label connected to only one pin
    ; warning
    @(78.74 mm, 87.63 mm): Global Label 'MUX2_A3'
[isolated_pin_label]: Label connected to only one pin
    ; warning
    @(78.74 mm, 143.51 mm): Global Label 'MUX3_A0'
[isolated_pin_label]: Label connected to only one pin
    ; warning
    @(78.74 mm, 146.05 mm): Global Label 'MUX3_A1'
[isolated_pin_label]: Label connected to only one pin
    ; warning
    @(78.74 mm, 148.59 mm): Global Label 'MUX3_A2'
[isolated_pin_label]: Label connected to only one pin
    ; warning
    @(78.74 mm, 151.13 mm): Global Label 'MUX3_A3'
[isolated_pin_label]: Label connected to only one pin
    ; warning
    @(78.74 mm, 207.01 mm): Global Label 'MUX4_A0'
[isolated_pin_label]: Label connected to only one pin
    ; warning
    @(78.74 mm, 209.55 mm): Global Label 'MUX4_A1'
[isolated_pin_label]: Label connected to only one pin
    ; warning
    @(78.74 mm, 212.09 mm): Global Label 'MUX4_A2'
[isolated_pin_label]: Label connected to only one pin
    ; warning
    @(78.74 mm, 214.63 mm): Global Label 'MUX4_A3'
[isolated_pin_label]: Label connected to only one pin
    ; warning
    @(78.74 mm, 270.51 mm): Global Label 'MUX5_A0'
[isolated_pin_label]: Label connected to only one pin
    ; warning
    @(78.74 mm, 273.05 mm): Global Label 'MUX5_A1'
[isolated_pin_label]: Label connected to only one pin
    ; warning
    @(78.74 mm, 275.59 mm): Global Label 'MUX5_A2'
[isolated_pin_label]: Label connected to only one pin
    ; warning
    @(78.74 mm, 278.13 mm): Global Label 'MUX5_A3'
[isolated_pin_label]: Label connected to only one pin
    ; warning
    @(78.74 mm, 334.01 mm): Global Label 'MUX6_A0'
[isolated_pin_label]: Label connected to only one pin
    ; warning
    @(78.74 mm, 336.55 mm): Global Label 'MUX6_A1'
[isolated_pin_label]: Label connected to only one pin
    ; warning
    @(78.74 mm, 339.09 mm): Global Label 'MUX6_A2'
[isolated_pin_label]: Label connected to only one pin
    ; warning
    @(78.74 mm, 341.63 mm): Global Label 'MUX6_A3'
[isolated_pin_label]: Label connected to only one pin
    ; warning
    @(78.74 mm, 397.51 mm): Global Label 'MUX7_A0'
[isolated_pin_label]: Label connected to only one pin
    ; warning
    @(78.74 mm, 400.05 mm): Global Label 'MUX7_A1'
[isolated_pin_label]: Label connected to only one pin
    ; warning
    @(78.74 mm, 402.59 mm): Global Label 'MUX7_A2'
[isolated_pin_label]: Label connected to only one pin
    ; warning
    @(78.74 mm, 405.13 mm): Global Label 'MUX7_A3'
[isolated_pin_label]: Label connected to only one pin
    ; warning
    @(78.74 mm, 461.01 mm): Global Label 'MUX8_A0'
[isolated_pin_label]: Label connected to only one pin
    ; warning
    @(78.74 mm, 463.55 mm): Global Label 'MUX8_A1'
[isolated_pin_label]: Label connected to only one pin
    ; warning
    @(78.74 mm, 466.09 mm): Global Label 'MUX8_A2'
[isolated_pin_label]: Label connected to only one pin
    ; warning
    @(78.74 mm, 468.63 mm): Global Label 'MUX8_A3'
[isolated_pin_label]: Label connected to only one pin
    ; warning
    @(322.58 mm, 48.26 mm): Global Label 'EVT_D0_BUF'
[isolated_pin_label]: Label connected to only one pin
    ; warning
    @(322.58 mm, 50.80 mm): Global Label 'EVT_D1_BUF'
[isolated_pin_label]: Label connected to only one pin
    ; warning
    @(322.58 mm, 53.34 mm): Global Label 'EVT_D2_BUF'
[isolated_pin_label]: Label connected to only one pin
    ; warning
    @(322.58 mm, 55.88 mm): Global Label 'EVT_D3_BUF'
[isolated_pin_label]: Label connected to only one pin
    ; warning
    @(322.58 mm, 58.42 mm): Global Label 'EVT_D4_BUF'
[isolated_pin_label]: Label connected to only one pin
    ; warning
    @(322.58 mm, 60.96 mm): Global Label 'EVT_D5_BUF'
[isolated_pin_label]: Label connected to only one pin
    ; warning
    @(322.58 mm, 63.50 mm): Global Label 'EVT_D6_BUF'
[isolated_pin_label]: Label connected to only one pin
    ; warning
    @(322.58 mm, 66.04 mm): Global Label 'EVT_D7_BUF'
[isolated_pin_label]: Label connected to only one pin
    ; warning
    @(322.58 mm, 124.46 mm): Global Label 'EVT_D8_BUF'
[isolated_pin_label]: Label connected to only one pin
    ; warning
    @(322.58 mm, 127.00 mm): Global Label 'EVT_D9_BUF'
[isolated_pin_label]: Label connected to only one pin
    ; warning
    @(322.58 mm, 129.54 mm): Global Label 'EVT_D10_BUF'
[isolated_pin_label]: Label connected to only one pin
    ; warning
    @(322.58 mm, 132.08 mm): Global Label 'EVT_D11_BUF'
[isolated_pin_label]: Label connected to only one pin
    ; warning
    @(322.58 mm, 134.62 mm): Global Label 'EVT_D12_BUF'
[isolated_pin_label]: Label connected to only one pin
    ; warning
    @(322.58 mm, 137.16 mm): Global Label 'EVT_D13_BUF'
[isolated_pin_label]: Label connected to only one pin
    ; warning
    @(322.58 mm, 139.70 mm): Global Label 'EVT_D14_BUF'
[isolated_pin_label]: Label connected to only one pin
    ; warning
    @(322.58 mm, 142.24 mm): Global Label 'EVT_D15_BUF'
[isolated_pin_label]: Label connected to only one pin
    ; warning
    @(322.58 mm, 200.66 mm): Global Label 'EVT_STROBE_BUF'
[isolated_pin_label]: Label connected to only one pin
    ; warning
    @(322.58 mm, 203.20 mm): Global Label 'RWD_CMD_BUF'
[isolated_pin_label]: Label connected to only one pin
    ; warning
    @(322.58 mm, 205.74 mm): Global Label 'STIM_TRIG_BUF'
[isolated_pin_label]: Label connected to only one pin
    ; warning
    @(59.69 mm, 121.92 mm): Global Label 'I2C_SDA'
[isolated_pin_label]: Label connected to only one pin
    ; warning
    @(10.16 mm, 317.50 mm): Global Label 'USB_VBUS_PI'
[isolated_pin_label]: Label connected to only one pin
    ; warning
    @(10.16 mm, 320.04 mm): Global Label 'USB_DM_PI'
[isolated_pin_label]: Label connected to only one pin
    ; warning
    @(10.16 mm, 322.58 mm): Global Label 'USB_DP_PI'

***** Sheet /power/

***** Sheet /taskpc-digital/

***** Sheet /pi-interface/

***** Sheet /analog-frontend/

***** Sheet /analog-ni/

***** Sheet /mux-intan/

***** Sheet /comparators/

***** Sheet /opto-ni/

***** Sheet /opto-intan/

***** Sheet /control-usb-i2c/

 ** ERC messages: 55  Errors 0  Warnings 55

 ** Ignored checks:
    - Global label only appears once in the schematic
    - Four connection points are joined together
    - SPICE model issue
    - Assigned footprint doesn't match footprint filters
